07-09 12:54:51.524   308   322 D libcamera: DEBUG Request request.cpp:122 Request(66:C:0/1:12970367428648877232)
07-09 12:54:51.524   308   322 D libcamera: DEBUG HAL camera_device.cpp:1182 '/base/axi/pcie@120000/rp1/i2c@88000/imx708@1a': Request 12970367428648877232 completed with 1 streams
07-09 12:54:51.525   308   322 D libcamera: DEBUG RPI pipeline_base.cpp:1472 Going into Idle state
07-09 12:54:51.525   308   322 D libcamera: DEBUG V4L2 v4l2_videodevice.cpp:1764 /dev/video28[26:out]: Dequeuing buffer 1
07-09 12:54:51.525   308   530 D libcamera: DEBUG HAL camera_device.cpp:919 '/base/axi/pcie@120000/rp1/i2c@88000/imx708@1a': Camera Process Request Start
07-09 12:54:51.525   308   530 D libcamera: DEBUG Request request.cpp:361 Created request - cookie: 12970367428648879872
07-09 12:54:51.525   308   322 D libcamera: DEBUG RPI pisp.cpp:1745 Stream ISP Config buffer complete, buffer id 2, timestamp: 309400287000
07-09 12:54:51.525   308   530 D libcamera: DEBUG HAL camera_device.cpp:943 '/base/axi/pcie@120000/rp1/i2c@88000/imx708@1a': Queueing request 12970367428648879872 with 1 streams
07-09 12:54:51.525   308   530 D libcamera: DEBUG HAL camera_device.cpp:981 '/base/axi/pcie@120000/rp1/i2c@88000/imx708@1a': processCaptureRequest direct
07-09 12:54:51.525   308   530 D libcamera: DEBUG HAL camera_device.cpp:755 '/base/axi/pcie@120000/rp1/i2c@88000/imx708@1a': createFrameBuffer...
07-09 12:54:51.525   308   530 D libcamera: DEBUG HAL generic_camera_buffer.cpp:79 Create Buffer name=NV12 fd=124 numplanes=2 size=640x480 flags=1 numFds=3
07-09 12:54:51.525   308   322 D libcamera: DEBUG RPI pipeline_base.cpp:1412 Returning buffer to stream ISP Config
07-09 12:54:51.525   308   530 D libcamera: DEBUG HAL camera_device.cpp:771 '/base/axi/pcie@120000/rp1/i2c@88000/imx708@1a': createFrameBuffer fd=38offset=0length=307200
07-09 12:54:51.525   308   530 D libcamera: DEBUG HAL camera_device.cpp:771 '/base/axi/pcie@120000/rp1/i2c@88000/imx708@1a': createFrameBuffer fd=37offset=307200length=153600
07-09 12:54:51.525   308   530 D libcamera: DEBUG Buffer framebuffer.cpp:346 Buffer is contiguous
07-09 12:54:51.525   308   322 D libcamera: DEBUG V4L2 v4l2_videodevice.cpp:1764 /dev/video21[27:out]: Dequeuing buffer 1
07-09 12:54:51.525   308   530 D libcamera: DEBUG HAL camera_device.cpp:994 '/base/axi/pcie@120000/rp1/i2c@88000/imx708@1a': 0 - (640x480)[0x00000023] -> (640x480)[NV12] (direct)
07-09 12:54:51.525   308   530 D libcamera: DEBUG HAL camera_device.cpp:1026 '/base/axi/pcie@120000/rp1/i2c@88000/imx708@1a': processCaptureRequest handle streams
07-09 12:54:51.525   308   322 D libcamera: DEBUG V4L2 v4l2_videodevice.cpp:1764 /dev/video26[28:cap]: Dequeuing buffer 1
07-09 12:54:51.526   308   322 D libcamera: DEBUG V4L2 v4l2_videodevice.cpp:1764 /dev/video22[29:out]: Dequeuing buffer 0
07-09 12:54:51.526   308   322 D libcamera: DEBUG V4L2 v4l2_videodevice.cpp:1764 /dev/video27[30:cap]: Dequeuing buffer 0
07-09 12:54:51.526   308   322 D libcamera: DEBUG RPI pipeline_base.cpp:730 queueRequestDevice: New request sequence: 67
07-09 12:54:51.526   308   322 D libcamera: DEBUG RPISTREAM rpi_stream.cpp:271 Queuing buffer 43 for ISP Output1
07-09 12:54:51.526   308   322 D libcamera: DEBUG V4L2 v4l2_videodevice.cpp:1693 /dev/video25[25:cap]: Queueing buffer 14
07-09 12:54:51.527   308   322 D libcamera: DEBUG Event event_dispatcher_poll.cpp:216 next timer 0xb400007566e8cd30 expires in 0.988760963
07-09 12:54:51.527   308   322 D libcamera: DEBUG Event event_dispatcher_poll.cpp:216 next timer 0xb400007566e8cd30 expires in 0.988520926
07-09 12:54:51.527   308   308 D libcamera: DEBUG HAL camera_device.cpp:919 '/base/axi/pcie@120000/rp1/i2c@88000/imx708@1a': Camera Process Request Start
07-09 12:54:51.527   308   308 D libcamera: DEBUG Request request.cpp:361 Created request - cookie: 12970367428648881808
07-09 12:54:51.527   308   308 D libcamera: DEBUG HAL camera_device.cpp:943 '/base/axi/pcie@120000/rp1/i2c@88000/imx708@1a': Queueing request 12970367428648881808 with 1 streams
07-09 12:54:51.527   308   308 D libcamera: DEBUG HAL camera_device.cpp:976 '/base/axi/pcie@120000/rp1/i2c@88000/imx708@1a': processCaptureRequest mapped
07-09 12:54:51.527   308   308 D libcamera: DEBUG HAL camera_device.cpp:1026 '/base/axi/pcie@120000/rp1/i2c@88000/imx708@1a': processCaptureRequest handle streams
07-09 12:54:51.527   308   308 D libcamera: DEBUG HAL camera_device.cpp:1040 '/base/axi/pcie@120000/rp1/i2c@88000/imx708@1a': 0 - (640x480)[0x00000021] -> (640x480)[NV12] (mapped)
07-09 12:54:51.527   308   308 D libcamera: DEBUG HAL camera_device.cpp:1064 '/base/axi/pcie@120000/rp1/i2c@88000/imx708@1a': processCaptureRequest mapped getBuffer()
07-09 12:54:51.527   308   308 E libcamera: ERROR HAL camera_stream.cpp:234 CameraStream::getBuffer allocate: usage=51
07-09 12:54:51.527   308   308 D libcamera: DEBUG HAL generic_frame_buffer_allocator.cpp:102 Private::allocate: pixelFormat=35 size=640x480 usage=51
07-09 12:54:51.528   308   308 D libcamera: DEBUG HAL generic_frame_buffer_allocator.cpp:128 Private::allocate: created fd=138 pixelFormat=NV12 stride=4096 numPlanes=2 numFds=3 numInts=32 dmaLength=462848
07-09 12:54:51.528   308   308 D libcamera: DEBUG HAL generic_frame_buffer_allocator.cpp:139 Private::allocate: fd info fd=141 len=462848
07-09 12:54:51.528   308   308 D libcamera: DEBUG HAL generic_frame_buffer_allocator.cpp:139 Private::allocate: fd info fd=142 len=462848
07-09 12:54:51.528   308   308 D libcamera: DEBUG HAL generic_frame_buffer_allocator.cpp:139 Private::allocate: fd info fd=143 len=4096
07-09 12:54:51.528   308   308 D libcamera: DEBUG HAL generic_frame_buffer_allocator.cpp:152 Private::allocate: planeInfo i=0 offset=0 size=307200
07-09 12:54:51.528   308   308 D libcamera: DEBUG HAL generic_frame_buffer_allocator.cpp:152 Private::allocate: planeInfo i=1 offset=307200 size=153600
07-09 12:54:51.528   308   308 D libcamera: DEBUG Buffer framebuffer.cpp:346 Buffer is contiguous
07-09 12:54:51.528   308   322 D libcamera: DEBUG RPI pipeline_base.cpp:730 queueRequestDevice: New request sequence: 68
07-09 12:54:51.529   308   322 D libcamera: DEBUG RPISTREAM rpi_stream.cpp:271 Queuing buffer 19 for ISP Output1
07-09 12:54:51.529   308   322 D libcamera: DEBUG V4L2 v4l2_videodevice.cpp:1693 /dev/video25[25:cap]: Queueing buffer 15
07-09 12:54:51.529   308   322 D libcamera: DEBUG Event event_dispatcher_poll.cpp:216 next timer 0xb400007566e8cd30 expires in 0.986589315
07-09 12:54:51.567   308   322 D libcamera: DEBUG RPI pipeline_base.cpp:1357 Frame start 74
07-09 12:54:51.568   308   322 D libcamera: DEBUG RPiDelayedControls delayed_controls.cpp:240 frame 74 started
07-09 12:54:51.568   308   322 D libcamera: DEBUG RPiDelayedControls delayed_controls.cpp:270 Setting Analogue Gain to 524 at index 73
07-09 12:54:51.568   308   322 D libcamera: DEBUG RPiDelayedControls delayed_controls.cpp:270 Setting Exposure to 6515 at index 73
07-09 12:54:51.568   308   322 D libcamera: DEBUG RPiDelayedControls delayed_controls.cpp:270 Setting Vertical Blanking to 5673 at index 74
07-09 12:54:51.568   308   322 D libcamera: DEBUG Event event_dispatcher_poll.cpp:216 next timer 0xb400007566e8cd30 expires in 0.947237537
07-09 12:54:51.575   308   322 D libcamera: DEBUG V4L2 v4l2_videodevice.cpp:1764 /dev/video4[19:cap]: Dequeuing buffer 2
07-09 12:54:51.576   308   322 D libcamera: DEBUG Timer timer.cpp:93 Starting timer 0xb400007566e8cd30: deadline 0:05:10.452960352
07-09 12:54:51.576   308   322 D libcamera: DEBUG RPI pisp.cpp:1669 Stream CFE Image buffer dequeue, buffer id 3, timestamp: 309444792000
07-09 12:54:51.576   308   322 D libcamera: DEBUG RPiDelayedControls delayed_controls.cpp:220 Reading Analogue Gain to 524 at index 71
07-09 12:54:51.576   308   322 D libcamera: DEBUG RPiDelayedControls delayed_controls.cpp:220 Reading Exposure to 6515 at index 71
07-09 12:54:51.576   308   322 D libcamera: DEBUG RPiDelayedControls delayed_controls.cpp:220 Reading Vertical Blanking to 5673 at index 71
07-09 12:54:51.576   308   322 D libcamera: DEBUG RPiDelayedControls delayed_controls.cpp:220 Reading Horizontal Blanking to 3680 at index 71
07-09 12:54:51.576   308   322 D libcamera: DEBUG V4L2 v4l2_videodevice.cpp:1764 /dev/video7[20:out]: Dequeuing buffer 2
07-09 12:54:51.576   308   322 D libcamera: DEBUG RPI pisp.cpp:1669 Stream CFE Config buffer dequeue, buffer id 3, timestamp: 309444792000
07-09 12:54:51.576   308   322 D libcamera: DEBUG RPI pipeline_base.cpp:1412 Returning buffer to stream CFE Config
07-09 12:54:51.576   308   322 D libcamera: DEBUG RPISTREAM rpi_stream.cpp:271 Queuing buffer 5 for CFE Config
07-09 12:54:51.577   308   322 D libcamera: DEBUG V4L2 v4l2_videodevice.cpp:1693 /dev/video7[20:out]: Queueing buffer 4
07-09 12:54:51.577   308   322 D libcamera: DEBUG V4L2 v4l2_videodevice.cpp:1764 /dev/video6[21:cap]: Dequeuing buffer 2
07-09 12:54:51.577   308   322 D libcamera: DEBUG RPI pisp.cpp:1669 Stream CFE Stats buffer dequeue, buffer id 3, timestamp: 309444792000
07-09 12:54:51.577   308   322 D libcamera: DEBUG Event event_dispatcher_poll.cpp:216 next timer 0xb400007566e8cd30 expires in 0.998658759
07-09 12:54:51.577   308   322 D libcamera: DEBUG V4L2 v4l2_videodevice.cpp:1764 /dev/video1[22:cap]: Dequeuing buffer 2
07-09 12:54:51.577   308   322 D libcamera: DEBUG RPI pisp.cpp:1669 Stream CFE Embedded buffer dequeue, buffer id 3, timestamp: 309444792000
07-09 12:54:51.578   308   322 D libcamera: DEBUG RPI pisp.cpp:2286 Signalling IPA processStats and prepareIsp: Bayer buffer id: 3 Stats buffer id: 3 Embedded buffer id: 3
07-09 12:54:51.578   308   322 D libcamera: DEBUG Event event_dispatcher_poll.cpp:216 next timer 0xb400007566e8cd30 expires in 0.997851907
07-09 12:54:51.578   308  2903 D libcamera: DEBUG IPARPI ipa_base.cpp:1283 Metadata - Exposure: 59996.89us Frame length: 6537 Line length: 9.21us Gain: 2.048 Lens: 1
07-09 12:54:51.578   308  2903 D libcamera: DEBUG IPARPI cam_helper_imx708.cpp:113 Embedded buffer size: 28800
07-09 12:54:51.578   308  2903 D libcamera: DEBUG IPARPI cam_helper.cpp:251 Metadata updated - Exposure: 59748.25us Frame length: 6537 Line length: 9.21us Gain: 2.048 Lens: 1 Temperature: 25
07-09 12:54:51.578   308  2903 D libcamera: DEBUG RPiLux lux.cpp:96 : estimated lux 112.317
07-09 12:54:51.578   308  2903 D libcamera: DEBUG RPiAwb awb.cpp:370 frame_phase 5
07-09 12:54:51.578   308  2903 D libcamera: DEBUG RPiAgc agc.cpp:293 process for channel 0
07-09 12:54:51.578   308  2903 D libcamera: DEBUG RPiAgc agc.cpp:300 Save DeviceStatus and stats for channel 0
07-09 12:54:51.578   308  2903 D libcamera: DEBUG RPiAgc agc_channel.cpp:592 ev 1 fixedShutter 0.00us fixedAnalogueGain 0
07-09 12:54:51.578   308  2903 D libcamera: DEBUG RPiAgc agc_channel.cpp:629 exposureMode normal constraintMode normal meteringMode centre-weighted
07-09 12:54:51.578   308  2903 D libcamera: DEBUG RPiAgc agc_channel.cpp:750 Initial Y 0.156154 target 0.160562 gives gain 1.02168
07-09 12:54:51.578   308  2903 D libcamera: DEBUG RPiAgc agc_channel.cpp:750 Initial Y 0.159441 target 0.160562 gives gain 1.02245
07-09 12:54:51.578   308  2903 D libcamera: DEBUG RPiAgc agc_channel.cpp:759 Constraint has target_Y 0.5 giving gain 0.715494
07-09 12:54:51.578   308  2903 D libcamera: DEBUG RPiAgc agc_channel.cpp:771 Final gain 1.02245 (target_Y 0.160562 ev 1 base_ev 1)
07-09 12:54:51.578   308  2903 D libcamera: DEBUG RPiAgc agc_channel.cpp:807 Target totalExposure 125111.58us
07-09 12:54:51.578   308  2903 D libcamera: DEBUG RPiAgc agc_channel.cpp:907 After filtering, totalExposure 123068.39us no dg 123068.39us
07-09 12:54:51.578   308  2903 D libcamera: DEBUG RPiAgc agc_channel.cpp:813 Total exposure before channel constraints 123068.39us
07-09 12:54:51.578   308  2903 D libcamera: DEBUG RPiAgc agc_channel.cpp:841 Total exposure after channel constraints 123068.39us
07-09 12:54:51.578   308  2903 D libcamera: DEBUG RPiAgc agc_channel.cpp:856 after AWB, target dg 1 gain 1.02245 target_Y 0.160562
07-09 12:54:51.579   308  2903 D libcamera: DEBUG RPiAgc agc_channel.cpp:873 Digital gain 1 desaturate? 0
07-09 12:54:51.579   308  2903 D libcamera: DEBUG RPiAgc agc_channel.cpp:875 Target totalExposureNoDG 123068.39us
07-09 12:54:51.579   308  2903 D libcamera: DEBUG RPiAgc agc_channel.cpp:949 Divided up shutter and gain are 60000.00us and 2.05114
07-09 12:54:51.579   308  2903 D libcamera: DEBUG RPiAgc agc_channel.cpp:989 Output written, total exposure requested is 123068.39us
07-09 12:54:51.579   308  2903 D libcamera: DEBUG RPiAgc agc_channel.cpp:991 Camera exposure update: shutter time 60000.00us analogue gain 2.05114
07-09 12:54:51.579   308  2903 D libcamera: DEBUG RPiAlsc alsc.cpp:429 frame_phase 5
07-09 12:54:51.579   308  2903 D libcamera: DEBUG RPiContrast contrast.cpp:109 Move histogram point 751.123 to 983.04
07-09 12:54:51.579   308  2903 D libcamera: DEBUG RPiContrast contrast.cpp:113 Final values 983.04 -> 983.04
07-09 12:54:51.579   308  2903 D libcamera: DEBUG RPiContrast contrast.cpp:130 Move histogram point 23721.7 to 62259.2
07-09 12:54:51.579   308  2903 D libcamera: DEBUG RPiContrast contrast.cpp:134 Final values 60259.2 -> 62259.2
07-09 12:54:51.579   308  2903 D libcamera: DEBUG IPARPI ipa_base.cpp:1482 Applying AGC Exposure: 59996.89us (Shutter lines: 6515, AGC requested 60000.00us) Gain: 2.05114 (Gain Code: 524)
07-09 12:54:51.579   308  2903 D libcamera: DEBUG RPiDpc dpc.cpp:50 strength 1
07-09 12:54:51.579   308  2903 D libcamera: DEBUG RPiNoise noise.cpp:77 constant 0 slope 1.32805
07-09 12:54:51.579   308  2903 D libcamera: DEBUG RPiGeq geq.cpp:75 offset 452 slope 0.00462848 (analogue gain 2.048 lux 112.317)
07-09 12:54:51.579   308  2903 D libcamera: DEBUG RPiDenoise denoise.cpp:119 Noise profile: constant 0 slope 1.32805
07-09 12:54:51.579   308  2903 D libcamera: DEBUG RPiDenoise denoise.cpp:134 const 0 slope 2.12487 str 0.5 const2 0 slope2 4.24975
07-09 12:54:51.579   308   322 D libcamera: DEBUG RPiDelayedControls delayed_controls.cpp:182 Queuing Vertical Blanking to 5673 at index 75
07-09 12:54:51.579   308  2903 D libcamera: DEBUG RPiDenoise denoise.cpp:154 programmed tdn threshold 0.05 constant 0 slope 1.06244
07-09 12:54:51.579   308  2903 D libcamera: DEBUG RPiDenoise denoise.cpp:165 programmed cdn threshold 265.609 strength 0.3
07-09 12:54:51.579   308  2903 D libcamera: DEBUG RPiAwb awb.cpp:340 frame_count 10 speed 0.05
07-09 12:54:51.579   308  2903 D libcamera: DEBUG RPiAwb awb.cpp:359 Using AWB gains r 1.3264 g 1 b 2.97082
07-09 12:54:51.579   308  2903 D libcamera: DEBUG RPiAgc agc.cpp:274 prepare for channel 0
07-09 12:54:51.579   308  2903 D libcamera: DEBUG RPiAgc agc_channel.cpp:488 Want total exposure 123068.39us
07-09 12:54:51.579   308   322 D libcamera: DEBUG RPiDelayedControls delayed_controls.cpp:182 Queuing Exposure to 6515 at index 75
07-09 12:54:51.579   308  2903 D libcamera: DEBUG RPiAgc agc_channel.cpp:494 Actual exposure 122364.41us
07-09 12:54:51.579   308  2903 D libcamera: DEBUG RPiAgc agc_channel.cpp:495 Use digitalGain 1.00575
07-09 12:54:51.579   308  2903 D libcamera: DEBUG RPiAgc agc_channel.cpp:496 Effective exposure 123068.39us
07-09 12:54:51.579   308  2903 D libcamera: DEBUG RPiAgc agc_channel.cpp:581 Lock count updated to 5
07-09 12:54:51.580   308   322 D libcamera: DEBUG RPiDelayedControls delayed_controls.cpp:182 Queuing Analogue Gain to 524 at index 75
07-09 12:54:51.580   308  2903 D libcamera: DEBUG RPiAlsc alsc.cpp:394 frame count 10 speed 0.05
07-09 12:54:51.580   308   322 D libcamera: DEBUG RPI pipeline_base.cpp:1412 Returning buffer to stream CFE Stats
07-09 12:54:51.580   308  2903 D libcamera: DEBUG RPiCcm ccm.cpp:181 colour temperature 2978.16K
07-09 12:54:51.580   308  2903 D libcamera: DEBUG RPiCcm ccm.cpp:183 CCM: 1.71762 -0.458405 -0.259223     -0.301626 1.57283 -0.271199     0.14707 -1.11825 1.97119
07-09 12:54:51.580   308   322 D libcamera: DEBUG RPISTREAM rpi_stream.cpp:271 Queuing buffer 3 for CFE Stats
07-09 12:54:51.580   308  2903 D libcamera: DEBUG RPiAf af.cpp:638 0 sst0->0 stp0->0 ft1.00->1.00 fs1.00->1.00 cont=128 phase=-63 conf=18
07-09 12:54:51.580   308  2903 D libcamera: DEBUG IPARPI pisp.cpp:542 Applying WB R: 1.3264 B: 2.97082
07-09 12:54:51.580   308   322 D libcamera: DEBUG V4L2 v4l2_videodevice.cpp:1693 /dev/video6[21:cap]: Queueing buffer 2
07-09 12:54:51.580   308  2903 D libcamera: DEBUG IPARPI pisp.cpp:702 TDN: exposure: 122364.41us last: 122364.41us ratio: 1
07-09 12:54:51.581   308   322 D libcamera: DEBUG RPI pipeline_base.cpp:1412 Returning buffer to stream CFE Embedded
07-09 12:54:51.581   308   322 D libcamera: DEBUG RPISTREAM rpi_stream.cpp:271 Queuing buffer 3 for CFE Embedded
07-09 12:54:51.581   308   322 D libcamera: DEBUG V4L2 v4l2_videodevice.cpp:1693 /dev/video1[22:cap]: Queueing buffer 2
07-09 12:54:51.581   308   322 D libcamera: DEBUG RPI pisp.cpp:2185 Input re-queue to ISP, buffer id 3, timestamp: 309444792000
07-09 12:54:51.581   308   322 D libcamera: DEBUG RPISTREAM rpi_stream.cpp:271 Queuing buffer 0 for ISP Input
07-09 12:54:51.581   308   322 D libcamera: DEBUG V4L2 v4l2_videodevice.cpp:1693 /dev/video20[23:out]: Queueing buffer 2
07-09 12:54:51.582   308   322 D libcamera: DEBUG RPISTREAM rpi_stream.cpp:271 Queuing buffer 0 for ISP TDN Input
07-09 12:54:51.582   308   322 D libcamera: DEBUG V4L2 v4l2_videodevice.cpp:1693 /dev/video21[27:out]: Queueing buffer 0
07-09 12:54:51.582   308   322 D libcamera: DEBUG RPISTREAM rpi_stream.cpp:271 Queuing buffer 1 for ISP TDN Output
07-09 12:54:51.582   308   322 D libcamera: DEBUG V4L2 v4l2_videodevice.cpp:1693 /dev/video26[28:cap]: Queueing buffer 0
07-09 12:54:51.582   308   322 D libcamera: DEBUG RPISTREAM rpi_stream.cpp:271 Queuing buffer 0 for ISP Stitch Input
07-09 12:54:51.582   308   322 D libcamera: DEBUG V4L2 v4l2_videodevice.cpp:1693 /dev/video22[29:out]: Queueing buffer 0
07-09 12:54:51.582   308   322 D libcamera: DEBUG RPISTREAM rpi_stream.cpp:271 Queuing buffer 1 for ISP Stitch Output
07-09 12:54:51.582   308   322 D libcamera: DEBUG V4L2 v4l2_videodevice.cpp:1693 /dev/video27[30:cap]: Queueing buffer 0
07-09 12:54:51.582   308   322 D libcamera: DEBUG RPISTREAM rpi_stream.cpp:271 Queuing buffer 1 for ISP Config
07-09 12:54:51.582   308   322 D libcamera: DEBUG V4L2 v4l2_videodevice.cpp:1693 /dev/video28[26:out]: Queueing buffer 0
07-09 12:54:51.582   308   322 D libcamera: DEBUG Event event_dispatcher_poll.cpp:216 next timer 0xb400007566e8cd30 expires in 0.993118407
07-09 12:54:51.583   308   322 D libcamera: DEBUG Event event_dispatcher_poll.cpp:216 next timer 0xb400007566e8cd30 expires in 0.992939018
07-09 12:54:51.583   308   322 D libcamera: DEBUG V4L2 v4l2_videodevice.cpp:1764 /dev/video20[23:out]: Dequeuing buffer 2
07-09 12:54:51.583   308   322 D libcamera: DEBUG RPI pisp.cpp:1717 Stream ISP Input buffer complete, buffer id 3, timestamp: 309460627000
07-09 12:54:51.583   308   322 D libcamera: DEBUG RPI pipeline_base.cpp:1412 Returning buffer to stream CFE Image
07-09 12:54:51.584   308   322 D libcamera: DEBUG RPISTREAM rpi_stream.cpp:271 Queuing buffer 3 for CFE Image
07-09 12:54:51.584   308   322 D libcamera: DEBUG V4L2 v4l2_videodevice.cpp:1693 /dev/video4[19:cap]: Queueing buffer 2
07-09 12:54:51.584   308   322 D libcamera: DEBUG V4L2 v4l2_videodevice.cpp:1764 /dev/video25[25:cap]: Dequeuing buffer 14
07-09 12:54:51.584   308   322 D libcamera: DEBUG RPI pisp.cpp:1745 Stream ISP Output1 buffer complete, buffer id 43, timestamp: 309460627000
07-09 12:54:51.584   308   322 D libcamera: DEBUG RPI pipeline_base.cpp:1402 Completing request buffer for stream ISP Output1
07-09 12:54:51.584   308   322 D libcamera: DEBUG RPI pipeline_base.cpp:1457 Completing request sequence: 67
07-09 12:54:51.584   308   322 D libcamera: DEBUG Request request.cpp:122 Request(67:C:0/1:12970367428648879872)
07-09 12:54:51.585   308   322 D libcamera: DEBUG HAL camera_device.cpp:1182 '/base/axi/pcie@120000/rp1/i2c@88000/imx708@1a': Request 12970367428648879872 completed with 1 streams
07-09 12:54:51.586   308   322 D libcamera: DEBUG RPI pipeline_base.cpp:1472 Going into Idle state
07-09 12:54:51.586   308   322 D libcamera: DEBUG V4L2 v4l2_videodevice.cpp:1764 /dev/video28[26:out]: Dequeuing buffer 0
07-09 12:54:51.586   308   530 D libcamera: DEBUG HAL camera_device.cpp:919 '/base/axi/pcie@120000/rp1/i2c@88000/imx708@1a': Camera Process Request Start
07-09 12:54:51.586   308   530 D libcamera: DEBUG Request request.cpp:361 Created request - cookie: 12970367428648877056
07-09 12:54:51.586   308   322 D libcamera: DEBUG RPI pisp.cpp:1745 Stream ISP Config buffer complete, buffer id 1, timestamp: 309460627000
07-09 12:54:51.586   308   530 D libcamera: DEBUG HAL camera_device.cpp:943 '/base/axi/pcie@120000/rp1/i2c@88000/imx708@1a': Queueing request 12970367428648877056 with 1 streams
07-09 12:54:51.586   308   530 D libcamera: DEBUG HAL camera_device.cpp:981 '/base/axi/pcie@120000/rp1/i2c@88000/imx708@1a': processCaptureRequest direct
07-09 12:54:51.586   308   530 D libcamera: DEBUG HAL camera_device.cpp:755 '/base/axi/pcie@120000/rp1/i2c@88000/imx708@1a': createFrameBuffer...
07-09 12:54:51.586   308   322 D libcamera: DEBUG RPI pipeline_base.cpp:1412 Returning buffer to stream ISP Config
07-09 12:54:51.586   308   530 D libcamera: DEBUG HAL generic_camera_buffer.cpp:79 Create Buffer name=NV12 fd=39 numplanes=2 size=640x480 flags=1 numFds=3
07-09 12:54:51.586   308   530 D libcamera: DEBUG HAL camera_device.cpp:771 '/base/axi/pcie@120000/rp1/i2c@88000/imx708@1a': createFrameBuffer fd=37offset=0length=307200
07-09 12:54:51.587   308   530 D libcamera: DEBUG HAL camera_device.cpp:771 '/base/axi/pcie@120000/rp1/i2c@88000/imx708@1a': createFrameBuffer fd=38offset=307200length=153600
07-09 12:54:51.587   308   530 D libcamera: DEBUG Buffer framebuffer.cpp:346 Buffer is contiguous
07-09 12:54:51.587   308   530 D libcamera: DEBUG HAL camera_device.cpp:994 '/base/axi/pcie@120000/rp1/i2c@88000/imx708@1a': 0 - (640x480)[0x00000023] -> (640x480)[NV12] (direct)
07-09 12:54:51.587   308   530 D libcamera: DEBUG HAL camera_device.cpp:1026 '/base/axi/pcie@120000/rp1/i2c@88000/imx708@1a': processCaptureRequest handle streams
07-09 12:54:51.587   308   322 D libcamera: DEBUG V4L2 v4l2_videodevice.cpp:1764 /dev/video21[27:out]: Dequeuing buffer 0
07-09 12:54:51.587   308   322 D libcamera: DEBUG V4L2 v4l2_videodevice.cpp:1764 /dev/video26[28:cap]: Dequeuing buffer 0
07-09 12:54:51.587   308   322 D libcamera: DEBUG V4L2 v4l2_videodevice.cpp:1764 /dev/video22[29:out]: Dequeuing buffer 0
07-09 12:54:51.587   308   322 D libcamera: DEBUG V4L2 v4l2_videodevice.cpp:1764 /dev/video27[30:cap]: Dequeuing buffer 0
07-09 12:54:51.587   308   322 D libcamera: DEBUG RPI pipeline_base.cpp:730 queueRequestDevice: New request sequence: 69
07-09 12:54:51.587   308   322 D libcamera: DEBUG RPISTREAM rpi_stream.cpp:271 Queuing buffer 34 for ISP Output1
07-09 12:54:51.587   308   322 D libcamera: DEBUG V4L2 v4l2_videodevice.cpp:1693 /dev/video25[25:cap]: Queueing buffer 7
07-09 12:54:51.587   308   322 D libcamera: DEBUG Event event_dispatcher_poll.cpp:216 next timer 0xb400007566e8cd30 expires in 0.988107166
07-09 12:54:51.588   308   322 D libcamera: DEBUG Event event_dispatcher_poll.cpp:216 next timer 0xb400007566e8cd30 expires in 0.988012685
07-09 12:54:51.628   308   322 D libcamera: DEBUG RPI pipeline_base.cpp:1357 Frame start 75
07-09 12:54:51.628   308   322 D libcamera: DEBUG RPiDelayedControls delayed_controls.cpp:240 frame 75 started
07-09 12:54:51.628   308   322 D libcamera: DEBUG RPiDelayedControls delayed_controls.cpp:270 Setting Analogue Gain to 524 at index 74
07-09 12:54:51.628   308   322 D libcamera: DEBUG RPiDelayedControls delayed_controls.cpp:270 Setting Exposure to 6515 at index 74
07-09 12:54:51.628   308   322 D libcamera: DEBUG RPiDelayedControls delayed_controls.cpp:270 Setting Vertical Blanking to 5673 at index 75
07-09 12:54:51.628   308   322 D libcamera: DEBUG Event event_dispatcher_poll.cpp:216 next timer 0xb400007566e8cd30 expires in 0.947437815
07-09 12:54:51.636   308   322 D libcamera: DEBUG V4L2 v4l2_videodevice.cpp:1764 /dev/video4[19:cap]: Dequeuing buffer 3
07-09 12:54:51.636   308   322 D libcamera: DEBUG Timer timer.cpp:93 Starting timer 0xb400007566e8cd30: deadline 0:05:10.513156667
07-09 12:54:51.636   308   322 D libcamera: DEBUG RPI pisp.cpp:1669 Stream CFE Image buffer dequeue, buffer id 4, timestamp: 309504982000
07-09 12:54:51.636   308   322 D libcamera: DEBUG RPiDelayedControls delayed_controls.cpp:220 Reading Analogue Gain to 524 at index 72
07-09 12:54:51.636   308   322 D libcamera: DEBUG RPiDelayedControls delayed_controls.cpp:220 Reading Exposure to 6515 at index 72
07-09 12:54:51.636   308   322 D libcamera: DEBUG RPiDelayedControls delayed_controls.cpp:220 Reading Vertical Blanking to 5673 at index 72
07-09 12:54:51.636   308   322 D libcamera: DEBUG RPiDelayedControls delayed_controls.cpp:220 Reading Horizontal Blanking to 3680 at index 72
07-09 12:54:51.636   308   322 D libcamera: DEBUG V4L2 v4l2_videodevice.cpp:1764 /dev/video7[20:out]: Dequeuing buffer 3
07-09 12:54:51.636   308   322 D libcamera: DEBUG RPI pisp.cpp:1669 Stream CFE Config buffer dequeue, buffer id 4, timestamp: 309504982000
07-09 12:54:51.637   308   322 D libcamera: DEBUG RPI pipeline_base.cpp:1412 Returning buffer to stream CFE Config
07-09 12:54:51.637   308   322 D libcamera: DEBUG RPISTREAM rpi_stream.cpp:271 Queuing buffer 6 for CFE Config
07-09 12:54:51.637   308   322 D libcamera: DEBUG V4L2 v4l2_videodevice.cpp:1693 /dev/video7[20:out]: Queueing buffer 5
07-09 12:54:51.637   308   322 D libcamera: DEBUG V4L2 v4l2_videodevice.cpp:1764 /dev/video6[21:cap]: Dequeuing buffer 3
07-09 12:54:51.637   308   322 D libcamera: DEBUG RPI pisp.cpp:1669 Stream CFE Stats buffer dequeue, buffer id 4, timestamp: 309504982000
07-09 12:54:51.637   308   322 D libcamera: DEBUG Event event_dispatcher_poll.cpp:216 next timer 0xb400007566e8cd30 expires in 0.998761278
07-09 12:54:51.637   308   322 D libcamera: DEBUG V4L2 v4l2_videodevice.cpp:1764 /dev/video1[22:cap]: Dequeuing buffer 3
07-09 12:54:51.637   308   322 D libcamera: DEBUG RPI pisp.cpp:1669 Stream CFE Embedded buffer dequeue, buffer id 4, timestamp: 309504982000
07-09 12:54:51.637   308   322 D libcamera: DEBUG RPI pisp.cpp:2286 Signalling IPA processStats and prepareIsp: Bayer buffer id: 4 Stats buffer id: 4 Embedded buffer id: 4
07-09 12:54:51.638   308   322 D libcamera: DEBUG Event event_dispatcher_poll.cpp:216 next timer 0xb400007566e8cd30 expires in 0.998206407
07-09 12:54:51.638   308  2903 D libcamera: DEBUG IPARPI ipa_base.cpp:1283 Metadata - Exposure: 59996.89us Frame length: 6537 Line length: 9.21us Gain: 2.048 Lens: 1
07-09 12:54:51.638   308  2903 D libcamera: DEBUG IPARPI cam_helper_imx708.cpp:113 Embedded buffer size: 28800
07-09 12:54:51.638   308  2903 D libcamera: DEBUG IPARPI cam_helper.cpp:251 Metadata updated - Exposure: 59748.25us Frame length: 6537 Line length: 9.21us Gain: 2.048 Lens: 1 Temperature: 25
07-09 12:54:51.638   308  2903 D libcamera: DEBUG RPiLux lux.cpp:96 : estimated lux 111.94
07-09 12:54:51.638   308  2903 D libcamera: DEBUG RPiAwb awb.cpp:370 frame_phase 6
07-09 12:54:51.638   308  2903 D libcamera: DEBUG RPiAgc agc.cpp:293 process for channel 0
07-09 12:54:51.638   308  2903 D libcamera: DEBUG RPiAgc agc.cpp:300 Save DeviceStatus and stats for channel 0
07-09 12:54:51.638   308  2903 D libcamera: DEBUG RPiAgc agc_channel.cpp:592 ev 1 fixedShutter 0.00us fixedAnalogueGain 0
07-09 12:54:51.638   308  2903 D libcamera: DEBUG RPiAgc agc_channel.cpp:629 exposureMode normal constraintMode normal meteringMode centre-weighted
07-09 12:54:51.638   308  2903 D libcamera: DEBUG RPiAgc agc_channel.cpp:750 Initial Y 0.15563 target 0.16056 gives gain 1.02509
07-09 12:54:51.638   308  2903 D libcamera: DEBUG RPiAgc agc_channel.cpp:750 Initial Y 0.159418 target 0.16056 gives gain 1.026
07-09 12:54:51.638   308  2903 D libcamera: DEBUG RPiAgc agc_channel.cpp:759 Constraint has target_Y 0.5 giving gain 0.718461
07-09 12:54:51.638   308  2903 D libcamera: DEBUG RPiAgc agc_channel.cpp:771 Final gain 1.026 (target_Y 0.16056 ev 1 base_ev 1)
07-09 12:54:51.638   308  2903 D libcamera: DEBUG RPiAgc agc_channel.cpp:807 Target totalExposure 125545.53us
07-09 12:54:51.638   308  2903 D libcamera: DEBUG RPiAgc agc_channel.cpp:907 After filtering, totalExposure 124176.20us no dg 123068.39us
07-09 12:54:51.638   308  2903 D libcamera: DEBUG RPiAgc agc_channel.cpp:813 Total exposure before channel constraints 124176.20us
07-09 12:54:51.638   308  2903 D libcamera: DEBUG RPiAgc agc_channel.cpp:841 Total exposure after channel constraints 124176.20us
07-09 12:54:51.638   308  2903 D libcamera: DEBUG RPiAgc agc_channel.cpp:856 after AWB, target dg 1 gain 1.026 target_Y 0.16056
07-09 12:54:51.638   308  2903 D libcamera: DEBUG RPiAgc agc_channel.cpp:873 Digital gain 1 desaturate? 0
07-09 12:54:51.638   308  2903 D libcamera: DEBUG RPiAgc agc_channel.cpp:875 Target totalExposureNoDG 124176.20us
07-09 12:54:51.638   308  2903 D libcamera: DEBUG RPiAgc agc_channel.cpp:949 Divided up shutter and gain are 60000.00us and 2.0696
07-09 12:54:51.638   308  2903 D libcamera: DEBUG RPiAgc agc_channel.cpp:989 Output written, total exposure requested is 124176.20us
07-09 12:54:51.639   308  2903 D libcamera: DEBUG RPiAgc agc_channel.cpp:991 Camera exposure update: shutter time 60000.00us analogue gain 2.0696
07-09 12:54:51.639   308  2903 D libcamera: DEBUG RPiAlsc alsc.cpp:429 frame_phase 6
07-09 12:54:51.639   308  2903 D libcamera: DEBUG RPiContrast contrast.cpp:109 Move histogram point 749.729 to 983.04
07-09 12:54:51.639   308  2903 D libcamera: DEBUG RPiContrast contrast.cpp:113 Final values 983.04 -> 983.04
07-09 12:54:51.639   308  2903 D libcamera: DEBUG RPiContrast contrast.cpp:130 Move histogram point 23668.2 to 62259.2
07-09 12:54:51.639   308  2903 D libcamera: DEBUG RPiContrast contrast.cpp:134 Final values 60259.2 -> 62259.2
07-09 12:54:51.639   308  2903 D libcamera: DEBUG IPARPI ipa_base.cpp:1482 Applying AGC Exposure: 59996.89us (Shutter lines: 6515, AGC requested 60000.00us) Gain: 2.0696 (Gain Code: 529)
07-09 12:54:51.639   308  2903 D libcamera: DEBUG RPiDpc dpc.cpp:50 strength 1
07-09 12:54:51.639   308  2903 D libcamera: DEBUG RPiNoise noise.cpp:77 constant 0 slope 1.32805
07-09 12:54:51.639   308  2903 D libcamera: DEBUG RPiGeq geq.cpp:75 offset 452 slope 0.00462848 (analogue gain 2.048 lux 111.94)
07-09 12:54:51.639   308  2903 D libcamera: DEBUG RPiDenoise denoise.cpp:119 Noise profile: constant 0 slope 1.32805
07-09 12:54:51.639   308  2903 D libcamera: DEBUG RPiDenoise denoise.cpp:134 const 0 slope 2.12487 str 0.5 const2 0 slope2 4.24975
07-09 12:54:51.639   308  2903 D libcamera: DEBUG RPiDenoise denoise.cpp:154 programmed tdn threshold 0.05 constant 0 slope 1.06244
07-09 12:54:51.639   308  2903 D libcamera: DEBUG RPiDenoise denoise.cpp:165 programmed cdn threshold 265.609 strength 0.3
07-09 12:54:51.639   308  2903 D libcamera: DEBUG RPiAwb awb.cpp:340 frame_count 10 speed 0.05
07-09 12:54:51.639   308  2903 D libcamera: DEBUG RPiAwb awb.cpp:359 Using AWB gains r 1.32566 g 1 b 2.97419
07-09 12:54:51.639   308  2903 D libcamera: DEBUG RPiAgc agc.cpp:274 prepare for channel 0
07-09 12:54:51.639   308  2903 D libcamera: DEBUG RPiAgc agc_channel.cpp:488 Want total exposure 123068.39us
07-09 12:54:51.639   308  2903 D libcamera: DEBUG RPiAgc agc_channel.cpp:494 Actual exposure 122364.41us
07-09 12:54:51.639   308  2903 D libcamera: DEBUG RPiAgc agc_channel.cpp:495 Use digitalGain 1.00575
07-09 12:54:51.639   308  2903 D libcamera: DEBUG RPiAgc agc_channel.cpp:496 Effective exposure 123068.39us
07-09 12:54:51.639   308  2903 D libcamera: DEBUG RPiAgc agc_channel.cpp:581 Lock count updated to 5
07-09 12:54:51.639   308  2903 D libcamera: DEBUG RPiAlsc alsc.cpp:394 frame count 10 speed 0.05
07-09 12:54:51.639   308  2903 D libcamera: DEBUG RPiCcm ccm.cpp:181 colour temperature 2976.13K
07-09 12:54:51.639   308  2903 D libcamera: DEBUG RPiCcm ccm.cpp:183 CCM: 1.71817 -0.458747 -0.259435     -0.301408 1.57248 -0.271072     0.147561 -1.12007 1.97252
07-09 12:54:51.639   308  2903 D libcamera: DEBUG RPiAf af.cpp:638 0 sst0->0 stp0->0 ft1.00->1.00 fs1.00->1.00 cont=101 phase=-57 conf=18
07-09 12:54:51.639   308  2903 D libcamera: DEBUG IPARPI pisp.cpp:542 Applying WB R: 1.32566 B: 2.97419
07-09 12:54:51.640   308  2903 D libcamera: DEBUG IPARPI pisp.cpp:702 TDN: exposure: 122364.41us last: 122364.41us ratio: 1
07-09 12:54:51.640   308   322 D libcamera: DEBUG RPiDelayedControls delayed_controls.cpp:182 Queuing Vertical Blanking to 5673 at index 76
07-09 12:54:51.640   308   322 D libcamera: DEBUG RPiDelayedControls delayed_controls.cpp:182 Queuing Exposure to 6515 at index 76
07-09 12:54:51.640   308   322 D libcamera: DEBUG RPiDelayedControls delayed_controls.cpp:182 Queuing Analogue Gain to 529 at index 76
07-09 12:54:51.640   308   322 D libcamera: DEBUG RPI pipeline_base.cpp:1412 Returning buffer to stream CFE Stats
07-09 12:54:51.640   308   322 D libcamera: DEBUG RPISTREAM rpi_stream.cpp:271 Queuing buffer 4 for CFE Stats
07-09 12:54:51.640   308   322 D libcamera: DEBUG V4L2 v4l2_videodevice.cpp:1693 /dev/video6[21:cap]: Queueing buffer 3
07-09 12:54:51.641   308   322 D libcamera: DEBUG RPI pipeline_base.cpp:1412 Returning buffer to stream CFE Embedded
07-09 12:54:51.641   308   322 D libcamera: DEBUG RPISTREAM rpi_stream.cpp:271 Queuing buffer 4 for CFE Embedded
07-09 12:54:51.641   308   322 D libcamera: DEBUG V4L2 v4l2_videodevice.cpp:1693 /dev/video1[22:cap]: Queueing buffer 3
07-09 12:54:51.642   308   322 D libcamera: DEBUG RPI pisp.cpp:2185 Input re-queue to ISP, buffer id 4, timestamp: 309504982000
07-09 12:54:51.642   308   322 D libcamera: DEBUG RPISTREAM rpi_stream.cpp:271 Queuing buffer 0 for ISP Input
07-09 12:54:51.642   308   322 D libcamera: DEBUG V4L2 v4l2_videodevice.cpp:1693 /dev/video20[23:out]: Queueing buffer 3
07-09 12:54:51.642   308   322 D libcamera: DEBUG RPISTREAM rpi_stream.cpp:271 Queuing buffer 0 for ISP TDN Input
07-09 12:54:51.642   308   322 D libcamera: DEBUG V4L2 v4l2_videodevice.cpp:1693 /dev/video21[27:out]: Queueing buffer 1
07-09 12:54:51.642   308   322 D libcamera: DEBUG RPISTREAM rpi_stream.cpp:271 Queuing buffer 2 for ISP TDN Output
07-09 12:54:51.642   308   322 D libcamera: DEBUG V4L2 v4l2_videodevice.cpp:1693 /dev/video26[28:cap]: Queueing buffer 1
07-09 12:54:51.643   308   322 D libcamera: DEBUG RPISTREAM rpi_stream.cpp:271 Queuing buffer 0 for ISP Stitch Input
07-09 12:54:51.643   308   322 D libcamera: DEBUG V4L2 v4l2_videodevice.cpp:1693 /dev/video22[29:out]: Queueing buffer 0
07-09 12:54:51.643   308   322 D libcamera: DEBUG RPISTREAM rpi_stream.cpp:271 Queuing buffer 1 for ISP Stitch Output
07-09 12:54:51.643   308   322 D libcamera: DEBUG V4L2 v4l2_videodevice.cpp:1693 /dev/video27[30:cap]: Queueing buffer 0
07-09 12:54:51.643   308   322 D libcamera: DEBUG RPISTREAM rpi_stream.cpp:271 Queuing buffer 2 for ISP Config
07-09 12:54:51.643   308   322 D libcamera: DEBUG V4L2 v4l2_videodevice.cpp:1693 /dev/video28[26:out]: Queueing buffer 1
07-09 12:54:51.643   308   322 D libcamera: DEBUG Event event_dispatcher_poll.cpp:216 next timer 0xb400007566e8cd30 expires in 0.992573981
07-09 12:54:51.643   308   322 D libcamera: DEBUG Event event_dispatcher_poll.cpp:216 next timer 0xb400007566e8cd30 expires in 0.992438778
07-09 12:54:51.644   308   322 D libcamera: DEBUG V4L2 v4l2_videodevice.cpp:1764 /dev/video20[23:out]: Dequeuing buffer 3
07-09 12:54:51.644   308   322 D libcamera: DEBUG RPI pisp.cpp:1717 Stream ISP Input buffer complete, buffer id 4, timestamp: 309521608000
07-09 12:54:51.645   308   322 D libcamera: DEBUG RPI pipeline_base.cpp:1412 Returning buffer to stream CFE Image
07-09 12:54:51.645   308   322 D libcamera: DEBUG RPISTREAM rpi_stream.cpp:271 Queuing buffer 4 for CFE Image
07-09 12:54:51.645   308   322 D libcamera: DEBUG V4L2 v4l2_videodevice.cpp:1693 /dev/video4[19:cap]: Queueing buffer 3
07-09 12:54:51.645   308   322 D libcamera: DEBUG V4L2 v4l2_videodevice.cpp:1764 /dev/video25[25:cap]: Dequeuing buffer 15
07-09 12:54:51.645   308   322 D libcamera: DEBUG RPI pisp.cpp:1745 Stream ISP Output1 buffer complete, buffer id 19, timestamp: 309521608000
07-09 12:54:51.645   308   322 D libcamera: DEBUG RPI pipeline_base.cpp:1402 Completing request buffer for stream ISP Output1
07-09 12:54:51.645   308   322 D libcamera: DEBUG RPI pipeline_base.cpp:1457 Completing request sequence: 68
07-09 12:54:51.645   308   322 D libcamera: DEBUG Request request.cpp:122 Request(68:C:0/1:12970367428648881808)
07-09 12:54:51.645   308   322 D libcamera: DEBUG HAL camera_device.cpp:1182 '/base/axi/pcie@120000/rp1/i2c@88000/imx708@1a': Request 12970367428648881808 completed with 1 streams
07-09 12:54:51.645   308   322 D libcamera: DEBUG HAL camera_stream.cpp:188 Process...[type=Mapped]
07-09 12:54:51.646   308   322 D libcamera: DEBUG HAL generic_camera_buffer.cpp:79 Create Buffer name=NV12 fd=133 numplanes=2 size=640x480 flags=3 numFds=2
07-09 12:54:51.646   308   322 D libcamera: DEBUG RPI pipeline_base.cpp:1472 Going into Idle state
07-09 12:54:51.646   308   322 D libcamera: DEBUG V4L2 v4l2_videodevice.cpp:1764 /dev/video28[26:out]: Dequeuing buffer 1
07-09 12:54:51.646   308   322 D libcamera: DEBUG RPI pisp.cpp:1745 Stream ISP Config buffer complete, buffer id 2, timestamp: 309521608000
07-09 12:54:51.646   308   322 D libcamera: DEBUG RPI pipeline_base.cpp:1412 Returning buffer to stream ISP Config
07-09 12:54:51.646   308   322 D libcamera: DEBUG V4L2 v4l2_videodevice.cpp:1764 /dev/video21[27:out]: Dequeuing buffer 1
07-09 12:54:51.646   308   322 D libcamera: DEBUG V4L2 v4l2_videodevice.cpp:1764 /dev/video26[28:cap]: Dequeuing buffer 1
07-09 12:54:51.647   308   322 D libcamera: DEBUG V4L2 v4l2_videodevice.cpp:1764 /dev/video22[29:out]: Dequeuing buffer 0
07-09 12:54:51.647   308   322 D libcamera: DEBUG V4L2 v4l2_videodevice.cpp:1764 /dev/video27[30:cap]: Dequeuing buffer 0
07-09 12:54:51.647   308   322 D libcamera: DEBUG Event event_dispatcher_poll.cpp:216 next timer 0xb400007566e8cd30 expires in 0.989002037
07-09 12:54:51.647   308  2900 D libcamera: DEBUG Buffer mapped_framebuffer.cpp:227 MappedFrameBuffer mmap plane: fd=138 length=460800 flags=1
07-09 12:54:51.647   308  2900 D libcamera: DEBUG JPEG encoder_libjpeg.cpp:226 JPEG Encode Starting:160x90
07-09 12:54:51.648   308  2900 D libcamera: DEBUG JPEG post_processor_jpeg.cpp:103 Thumbnail compress returned 6769 bytes
07-09 12:54:51.648   308  2900 D libcamera: DEBUG EXIF exif.cpp:519 Created EXIF instance (7331 bytes)
07-09 12:54:51.648   308  2900 D libcamera: DEBUG Buffer mapped_framebuffer.cpp:227 MappedFrameBuffer mmap plane: fd=138 length=460800 flags=1
07-09 12:54:51.648   308  2900 D libcamera: DEBUG HAL generic_camera_buffer.cpp:188 Mapping: fd=133 bufferLength=716800 flags=3
07-09 12:54:51.648   308  2900 E libcamera: ERROR HAL generic_camera_buffer.cpp:198 Failed to mmap plane: fd=133 error=Permission denied
07-09 12:54:51.648   308  2900 D libcamera: DEBUG JPEG encoder_libjpeg.cpp:226 JPEG Encode Starting:640x480
07-09 12:54:51.666   308  2900 D libcamera: DEBUG HAL generic_camera_buffer.cpp:188 Mapping: fd=133 bufferLength=716800 flags=3
07-09 12:54:51.666   308  2900 E libcamera: ERROR HAL generic_camera_buffer.cpp:198 Failed to mmap plane: fd=133 error=Permission denied
07-09 12:54:51.688   308   322 D libcamera: DEBUG RPI pipeline_base.cpp:1357 Frame start 76
07-09 12:54:51.688   308   322 D libcamera: DEBUG RPiDelayedControls delayed_controls.cpp:240 frame 76 started
07-09 12:54:51.688   308   322 D libcamera: DEBUG RPiDelayedControls delayed_controls.cpp:270 Setting Analogue Gain to 524 at index 75
07-09 12:54:51.688   308   322 D libcamera: DEBUG RPiDelayedControls delayed_controls.cpp:270 Setting Exposure to 6515 at index 75
07-09 12:54:51.688   308   322 D libcamera: DEBUG RPiDelayedControls delayed_controls.cpp:270 Setting Vertical Blanking to 5673 at index 76
07-09 12:54:51.689   308   322 D libcamera: DEBUG Event event_dispatcher_poll.cpp:216 next timer 0xb400007566e8cd30 expires in 0.947224370
07-09 12:54:51.696   308   322 D libcamera: DEBUG V4L2 v4l2_videodevice.cpp:1764 /dev/video4[19:cap]: Dequeuing buffer 0
07-09 12:54:51.696   308   322 D libcamera: DEBUG Timer timer.cpp:93 Starting timer 0xb400007566e8cd30: deadline 0:05:10.573681334
07-09 12:54:51.697   308   322 D libcamera: DEBUG RPI pisp.cpp:1669 Stream CFE Image buffer dequeue, buffer id 1, timestamp: 309565173000
07-09 12:54:51.697   308   322 D libcamera: DEBUG RPiDelayedControls delayed_controls.cpp:220 Reading Analogue Gain to 524 at index 73
07-09 12:54:51.697   308   322 D libcamera: DEBUG RPiDelayedControls delayed_controls.cpp:220 Reading Exposure to 6515 at index 73
07-09 12:54:51.697   308   322 D libcamera: DEBUG RPiDelayedControls delayed_controls.cpp:220 Reading Vertical Blanking to 5673 at index 73
07-09 12:54:51.697   308   322 D libcamera: DEBUG RPiDelayedControls delayed_controls.cpp:220 Reading Horizontal Blanking to 3680 at index 73
07-09 12:54:51.697   308   322 D libcamera: DEBUG V4L2 v4l2_videodevice.cpp:1764 /dev/video7[20:out]: Dequeuing buffer 4
07-09 12:54:51.697   308   322 D libcamera: DEBUG RPI pisp.cpp:1669 Stream CFE Config buffer dequeue, buffer id 5, timestamp: 309565173000
07-09 12:54:51.697   308   322 D libcamera: DEBUG RPI pipeline_base.cpp:1412 Returning buffer to stream CFE Config
07-09 12:54:51.697   308   322 D libcamera: DEBUG RPISTREAM rpi_stream.cpp:271 Queuing buffer 7 for CFE Config
07-09 12:54:51.697   308   322 D libcamera: DEBUG V4L2 v4l2_videodevice.cpp:1693 /dev/video7[20:out]: Queueing buffer 6
07-09 12:54:51.697   308   322 D libcamera: DEBUG V4L2 v4l2_videodevice.cpp:1764 /dev/video6[21:cap]: Dequeuing buffer 4
07-09 12:54:51.697   308   322 D libcamera: DEBUG RPI pisp.cpp:1669 Stream CFE Stats buffer dequeue, buffer id 5, timestamp: 309565173000
07-09 12:54:51.697   308   322 D libcamera: DEBUG V4L2 v4l2_videodevice.cpp:1764 /dev/video1[22:cap]: Dequeuing buffer 4
07-09 12:54:51.698   308   322 D libcamera: DEBUG RPI pisp.cpp:1669 Stream CFE Embedded buffer dequeue, buffer id 5, timestamp: 309565173000
07-09 12:54:51.698   308   322 D libcamera: DEBUG RPI pisp.cpp:2286 Signalling IPA processStats and prepareIsp: Bayer buffer id: 1 Stats buffer id: 5 Embedded buffer id: 5
07-09 12:54:51.698   308   322 D libcamera: DEBUG Event event_dispatcher_poll.cpp:216 next timer 0xb400007566e8cd30 expires in 0.998530223
07-09 12:54:51.698   308  2903 D libcamera: DEBUG IPARPI ipa_base.cpp:1283 Metadata - Exposure: 59996.89us Frame length: 6537 Line length: 9.21us Gain: 2.048 Lens: 1
07-09 12:54:51.698   308  2903 D libcamera: DEBUG IPARPI cam_helper_imx708.cpp:113 Embedded buffer size: 28800
07-09 12:54:51.698   308  2903 D libcamera: DEBUG IPARPI cam_helper.cpp:251 Metadata updated - Exposure: 59748.25us Frame length: 6537 Line length: 9.21us Gain: 2.048 Lens: 1 Temperature: 25
07-09 12:54:51.699   308  2903 D libcamera: DEBUG RPiLux lux.cpp:96 : estimated lux 111.441
07-09 12:54:51.699   308  2903 D libcamera: DEBUG RPiAwb awb.cpp:370 frame_phase 7
07-09 12:54:51.699   308  2903 D libcamera: DEBUG RPiAgc agc.cpp:293 process for channel 0
07-09 12:54:51.699   308  2903 D libcamera: DEBUG RPiAgc agc.cpp:300 Save DeviceStatus and stats for channel 0
07-09 12:54:51.699   308  2903 D libcamera: DEBUG RPiAgc agc_channel.cpp:592 ev 1 fixedShutter 0.00us fixedAnalogueGain 0
07-09 12:54:51.699   308  2903 D libcamera: DEBUG RPiAgc agc_channel.cpp:629 exposureMode normal constraintMode normal meteringMode centre-weighted
07-09 12:54:51.699   308  2903 D libcamera: DEBUG RPiAgc agc_channel.cpp:750 Initial Y 0.154936 target 0.160557 gives gain 1.02964
07-09 12:54:51.699   308  2903 D libcamera: DEBUG RPiAgc agc_channel.cpp:750 Initial Y 0.159386 target 0.160557 gives gain 1.03073
07-09 12:54:51.699   308  2903 D libcamera: DEBUG RPiAgc agc_channel.cpp:759 Constraint has target_Y 0.5 giving gain 0.717397
07-09 12:54:51.699   308  2903 D libcamera: DEBUG RPiAgc agc_channel.cpp:771 Final gain 1.03073 (target_Y 0.160557 ev 1 base_ev 1)
07-09 12:54:51.699   308  2903 D libcamera: DEBUG RPiAgc agc_channel.cpp:807 Target totalExposure 126125.20us
07-09 12:54:51.699   308  2903 D libcamera: DEBUG RPiAgc agc_channel.cpp:907 After filtering, totalExposure 124176.20us no dg 124176.20us
07-09 12:54:51.700   308  2903 D libcamera: DEBUG RPiAgc agc_channel.cpp:813 Total exposure before channel constraints 124176.20us
07-09 12:54:51.700   308  2903 D libcamera: DEBUG RPiAgc agc_channel.cpp:841 Total exposure after channel constraints 124176.20us
07-09 12:54:51.700   308  2903 D libcamera: DEBUG RPiAgc agc_channel.cpp:856 after AWB, target dg 1 gain 1.03073 target_Y 0.160557
07-09 12:54:51.700   308  2903 D libcamera: DEBUG RPiAgc agc_channel.cpp:873 Digital gain 1 desaturate? 0
07-09 12:54:51.700   308  2903 D libcamera: DEBUG RPiAgc agc_channel.cpp:875 Target totalExposureNoDG 124176.20us
07-09 12:54:51.700   308  2903 D libcamera: DEBUG RPiAgc agc_channel.cpp:949 Divided up shutter and gain are 60000.00us and 2.0696
07-09 12:54:51.700   308  2903 D libcamera: DEBUG RPiAgc agc_channel.cpp:989 Output written, total exposure requested is 124176.20us
07-09 12:54:51.700   308  2903 D libcamera: DEBUG RPiAgc agc_channel.cpp:991 Camera exposure update: shutter time 60000.00us analogue gain 2.0696
07-09 12:54:51.700   308  2903 D libcamera: DEBUG RPiAlsc alsc.cpp:429 frame_phase 7
07-09 12:54:51.700   308  2903 D libcamera: DEBUG RPiContrast contrast.cpp:109 Move histogram point 746.055 to 983.04
07-09 12:54:51.700   308  2903 D libcamera: DEBUG RPiContrast contrast.cpp:113 Final values 983.04 -> 983.04
07-09 12:54:51.700   308  2903 D libcamera: DEBUG RPiContrast contrast.cpp:130 Move histogram point 23645.7 to 62259.2
07-09 12:54:51.700   308  2903 D libcamera: DEBUG RPiContrast contrast.cpp:134 Final values 60259.2 -> 62259.2
07-09 12:54:51.700   308  2903 D libcamera: DEBUG IPARPI ipa_base.cpp:1482 Applying AGC Exposure: 59996.89us (Shutter lines: 6515, AGC requested 60000.00us) Gain: 2.0696 (Gain Code: 529)
07-09 12:54:51.700   308  2903 D libcamera: DEBUG RPiDpc dpc.cpp:50 strength 1
07-09 12:54:51.700   308  2903 D libcamera: DEBUG RPiNoise noise.cpp:77 constant 0 slope 1.32805
07-09 12:54:51.700   308   322 D libcamera: DEBUG RPiDelayedControls delayed_controls.cpp:182 Queuing Vertical Blanking to 5673 at index 77
07-09 12:54:51.700   308  2903 D libcamera: DEBUG RPiGeq geq.cpp:75 offset 452 slope 0.00462848 (analogue gain 2.048 lux 111.441)
07-09 12:54:51.700   308   322 D libcamera: DEBUG RPiDelayedControls delayed_controls.cpp:182 Queuing Exposure to 6515 at index 77
07-09 12:54:51.700   308  2903 D libcamera: DEBUG RPiDenoise denoise.cpp:119 Noise profile: constant 0 slope 1.32805
07-09 12:54:51.701   308   322 D libcamera: DEBUG RPiDelayedControls delayed_controls.cpp:182 Queuing Analogue Gain to 529 at index 77
07-09 12:54:51.701   308  2903 D libcamera: DEBUG RPiDenoise denoise.cpp:134 const 0 slope 2.12487 str 0.5 const2 0 slope2 4.24975
07-09 12:54:51.701   308   322 D libcamera: DEBUG RPI pipeline_base.cpp:1412 Returning buffer to stream CFE Stats
07-09 12:54:51.701   308  2903 D libcamera: DEBUG RPiDenoise denoise.cpp:154 programmed tdn threshold 0.05 constant 0 slope 1.06244
07-09 12:54:51.701   308   322 D libcamera: DEBUG RPISTREAM rpi_stream.cpp:271 Queuing buffer 5 for CFE Stats
07-09 12:54:51.701   308  2903 D libcamera: DEBUG RPiDenoise denoise.cpp:165 programmed cdn threshold 265.609 strength 0.3
07-09 12:54:51.701   308  2903 D libcamera: DEBUG RPiAwb awb.cpp:340 frame_count 10 speed 0.05
07-09 12:54:51.701   308  2903 D libcamera: DEBUG RPiAwb awb.cpp:359 Using AWB gains r 1.32496 g 1 b 2.97739
07-09 12:54:51.701   308  2903 D libcamera: DEBUG RPiAgc agc.cpp:274 prepare for channel 0
07-09 12:54:51.701   308  2903 D libcamera: DEBUG RPiAgc agc_channel.cpp:488 Want total exposure 123068.39us
07-09 12:54:51.701   308  2903 D libcamera: DEBUG RPiAgc agc_channel.cpp:494 Actual exposure 122364.41us
07-09 12:54:51.701   308   322 D libcamera: DEBUG V4L2 v4l2_videodevice.cpp:1693 /dev/video6[21:cap]: Queueing buffer 4
07-09 12:54:51.701   308  2903 D libcamera: DEBUG RPiAgc agc_channel.cpp:495 Use digitalGain 1.00575
07-09 12:54:51.701   308  2903 D libcamera: DEBUG RPiAgc agc_channel.cpp:496 Effective exposure 123068.39us
07-09 12:54:51.701   308   322 D libcamera: DEBUG Event event_dispatcher_poll.cpp:216 next timer 0xb400007566e8cd30 expires in 0.995344389
07-09 12:54:51.701   308  2903 D libcamera: DEBUG RPiAgc agc_channel.cpp:581 Lock count updated to 5
07-09 12:54:51.701   308  2903 D libcamera: DEBUG RPiAlsc alsc.cpp:394 frame count 10 speed 0.05
07-09 12:54:51.701   308  2903 D libcamera: DEBUG RPiCcm ccm.cpp:181 colour temperature 2974.21K
07-09 12:54:51.701   308  2903 D libcamera: DEBUG RPiCcm ccm.cpp:183 CCM: 1.7187 -0.459072 -0.259636     -0.301201 1.57215 -0.270952     0.148027 -1.1218 1.97378
07-09 12:54:51.701   308  2903 D libcamera: DEBUG RPiAf af.cpp:638 0 sst0->0 stp0->0 ft1.00->1.00 fs1.00->1.00 cont=140 phase=-59 conf=18
07-09 12:54:51.701   308  2903 D libcamera: DEBUG IPARPI pisp.cpp:542 Applying WB R: 1.32496 B: 2.97739
07-09 12:54:51.702   308  2903 D libcamera: DEBUG IPARPI pisp.cpp:702 TDN: exposure: 122364.41us last: 122364.41us ratio: 1
07-09 12:54:51.703   308   322 D libcamera: DEBUG RPI pipeline_base.cpp:1412 Returning buffer to stream CFE Embedded
07-09 12:54:51.703   308   322 D libcamera: DEBUG RPISTREAM rpi_stream.cpp:271 Queuing buffer 5 for CFE Embedded
07-09 12:54:51.703   308   322 D libcamera: DEBUG V4L2 v4l2_videodevice.cpp:1693 /dev/video1[22:cap]: Queueing buffer 4
07-09 12:54:51.703   308   322 D libcamera: DEBUG RPI pisp.cpp:2185 Input re-queue to ISP, buffer id 1, timestamp: 309565173000
